POST /service/GameLift/operation/UpdateGameSessionQueue

Accept: application/cbor
Content-Type: application/cbor
Smithy-Protocol: rpc-v2-cbor

¨dNameh__Name__pTimeoutInSecondsuPlayerLatencyPolicies‚¢x*MaximumIndividualPlayerLatencyMillisecondsuPolicyDurationSeconds¢x*MaximumIndividualPlayerLatencyMillisecondsuPolicyDurationSecondslDestinations‚¡nDestinationArnr__DestinationArn__¡nDestinationArnr__DestinationArn__sFilterConfiguration¡pAllowedLocations‚j__Member__j__Member__uPriorityConfiguration¢mLocationOrder‚j__Member__j__Member__mPriorityOrder‚gLATENCYgLATENCYoCustomEventDatas__CustomEventData__rNotificationTargetv__NotificationTarget__