200
Content-Type: application/x-amz-json-1.1
X-Amz-Target: AWSEvents.DescribeApiDestination

{"ApiDestinationArn":"__ApiDestinationArn__","ApiDestinationState":"ACTIVE","ConnectionArn":"__ConnectionArn__","CreationTime":946684800,"Description":"__Description__","HttpMethod":"POST","InvocationEndpoint":"__InvocationEndpoint__","InvocationRateLimitPerSecond":1,"LastModifiedTime":946684800,"Name":"__Name__"}