POST /

Content-Type: application/x-amz-json-1.1
X-Amz-Target: CloudTrail_20131101.PutInsightSelectors

{"EventDataStore":"__EventDataStore__","InsightSelectors":[{"EventCategories":["Management","Management"],"InsightType":"ApiCallRateInsight"},{"EventCategories":["Management","Management"],"InsightType":"ApiCallRateInsight"}],"InsightsDestination":"__InsightsDestination__","TrailName":"__TrailName__"}