POST /

Content-Type: application/x-amz-json-1.1
X-Amz-Target: OvertureService.AllocateTransitVirtualInterface

{"connectionId":"__ConnectionId__","newTransitVirtualInterfaceAllocation":{"addressFamily":"ipv4","amazonAddress":"__AmazonAddress__","asn":1,"asnLong":1,"authKey":"__AuthKey__","customerAddress":"__CustomerAddress__","mtu":1,"rateLimit":"__RateLimit__","tags":[{"key":"__Key__","value":"__Value__"},{"key":"__Key__","value":"__Value__"}],"virtualInterfaceName":"__VirtualInterfaceName__","vlan":1},"ownerAccount":"__OwnerAccount__"}