POST /

Content-Type: application/x-amz-json-1.1
X-Amz-Target: OvertureService.DescribeDirectConnectGatewayAssociations

{"associatedGatewayId":"__AssociatedGatewayId__","associationId":"__AssociationId__","directConnectGatewayId":"__DirectConnectGatewayId__","maxResults":1,"nextToken":"__NextToken__","virtualGatewayId":"__VirtualGatewayId__"}