POST /configuredTables/__ConfiguredTableIdentifier__/analysisRule

Content-Type: application/json

{"analysisRulePolicy":{"v1":{"list":{"additionalAnalyses":"ALLOWED","allowedJoinOperators":["OR","OR"],"joinColumns":["__Member__","__Member__"],"listColumns":["__Member__","__Member__"]}}},"analysisRuleType":"AGGREGATION"}