POST /

Content-Type: application/x-www-form-urlencoded

Action=CreateDBClusterParameterGroup&DBClusterParameterGroupName=__DBClusterParameterGroupName__&DBParameterGroupFamily=__DBParameterGroupFamily__&Description=__Description__&Tags.Tag.1.Key=__Key__&Tags.Tag.1.Value=__Value__&Tags.Tag.2.Key=__Key__&Tags.Tag.2.Value=__Value__&Version=2014-10-31