POST /

Content-Type: application/x-www-form-urlencoded

Action=DescribeDBClusterParameterGroups&DBClusterParameterGroupName=__DBClusterParameterGroupName__&Filters.Filter.1.Name=__Name__&Filters.Filter.1.Values.Value.1=__Member__&Filters.Filter.1.Values.Value.2=__Member__&Filters.Filter.2.Name=__Name__&Filters.Filter.2.Values.Value.1=__Member__&Filters.Filter.2.Values.Value.2=__Member__&Marker=__Marker__&MaxRecords=1&Version=2014-10-31