200
Content-Type: application/json

{"dependencySummaries":[{"comment":"__Comment__","criticality":"HARD","dependencyId":"__DependencyId__","dependencyName":"__DependencyName__","dnsName":"__DnsName__","lastDetectedTime":946684800,"location":"__Location__","provider":"__Provider__","queryRange":{"dataPoints":[{"queryCount":1,"timestamp":946684800},{"queryCount":1,"timestamp":946684800}],"endTime":946684800,"granularity":"HOURLY","startTime":946684800},"serviceArn":"__ServiceArn__","sourceRegions":["__Member__","__Member__"]},{"comment":"__Comment__","criticality":"HARD","dependencyId":"__DependencyId__","dependencyName":"__DependencyName__","dnsName":"__DnsName__","lastDetectedTime":946684800,"location":"__Location__","provider":"__Provider__","queryRange":{"dataPoints":[{"queryCount":1,"timestamp":946684800},{"queryCount":1,"timestamp":946684800}],"endTime":946684800,"granularity":"HOURLY","startTime":946684800},"serviceArn":"__ServiceArn__","sourceRegions":["__Member__","__Member__"]}],"nextToken":"__NextToken__"}