POST /

Content-Type: application/x-amz-json-1.0
X-Amz-Target: HealthLake.RestoreFHIRDatastore

{"AnalyticsConfiguration":{"Status":"ENABLED"},"ClientToken":"__ClientToken__","DatastoreName":"__DatastoreName__","IdentityProviderConfiguration":{"AuthorizationStrategy":"SMART_ON_FHIR_V1","FineGrainedAuthorizationEnabled":true,"IdpLambdaArn":"__IdpLambdaArn__","Metadata":"__Metadata__"},"NlpConfiguration":{"Status":"ENABLED"},"ProfileConfiguration":{"DefaultProfiles":["__Member__","__Member__"]},"RestoreConfiguration":{"ContinuousBackupRestoreConfiguration":{"RestorePointTime":946684800}},"SourceDatastoreId":"__SourceDatastoreId__","SseConfiguration":{"KmsEncryptionConfig":{"CmkType":"CUSTOMER_MANAGED_KMS_KEY","KmsKeyId":"__KmsKeyId__"}},"Tags":[{"Key":"__Key__","Value":"__Value__"},{"Key":"__Key__","Value":"__Value__"}]}