200
Content-Type: application/json

{"invitations":[{"accountId":"__AccountId__","invitationId":"__InvitationId__","invitedAt":"__InvitedAt__","relationshipStatus":"__RelationshipStatus__"},{"accountId":"__AccountId__","invitationId":"__InvitationId__","invitedAt":"__InvitedAt__","relationshipStatus":"__RelationshipStatus__"}],"nextToken":"__NextToken__"}