200
Accept: application/cbor
Content-Type: application/cbor
Smithy-Protocol: rpc-v2-cbor

¿lkeyspaceNamep__KeyspaceName__xreplicationGroupStatusesŸ¿nkeyspaceStatusfACTIVEfregionj__Region__xtablesReplicationProgressx__TablesReplicationProgress__ÿ¿nkeyspaceStatusfACTIVEfregionj__Region__xtablesReplicationProgressx__TablesReplicationProgress__ÿÿrreplicationRegionsŸj__Member__j__Member__ÿsreplicationStrategymSINGLE_REGIONkresourceArno__ResourceArn__ÿ