POST /FeatureGroup/__FeatureGroupName__/Record

Content-Type: application/json

{"Features":[{"FeatureName":"__FeatureName__","ValueAsString":"__ValueAsString__","ValueAsStringList":["__Member__","__Member__"]},{"FeatureName":"__FeatureName__","ValueAsString":"__ValueAsString__","ValueAsStringList":["__Member__","__Member__"]}],"RecordIdentifierValueAsString":"__RecordIdentifierValueAsString__","TargetStores":["OnlineStore","OnlineStore"],"TtlDuration":{"Unit":"Seconds","Value":1}}