200
Content-Type: application/json

{"botId":"__BotId__","botVersion":"__BotVersion__","intentSummaries":[{"description":"__Description__","inputContexts":[{"name":"__Name__"},{"name":"__Name__"}],"intentDisplayName":"__IntentDisplayName__","intentId":"__IntentId__","intentName":"__IntentName__","lastUpdatedDateTime":946684800,"outputContexts":[{"name":"__Name__","timeToLiveInSeconds":1,"turnsToLive":1},{"name":"__Name__","timeToLiveInSeconds":1,"turnsToLive":1}],"parentIntentSignature":"__ParentIntentSignature__"},{"description":"__Description__","inputContexts":[{"name":"__Name__"},{"name":"__Name__"}],"intentDisplayName":"__IntentDisplayName__","intentId":"__IntentId__","intentName":"__IntentName__","lastUpdatedDateTime":946684800,"outputContexts":[{"name":"__Name__","timeToLiveInSeconds":1,"turnsToLive":1},{"name":"__Name__","timeToLiveInSeconds":1,"turnsToLive":1}],"parentIntentSignature":"__ParentIntentSignature__"}],"localeId":"__LocaleId__","nextToken":"__NextToken__"}