POST /service/SmithyRpcV2CborDataPlane/operation/PutItem

Accept: application/cbor
Content-Type: application/cbor
Smithy-Protocol: rpc-v2-cbor

¿sConditionExpressionw__ConditionExpression__sConditionalOperatorw__ConditionalOperator__hExpected¿dkey0¿rAttributeValueListŸ¡aSx__AttributeValueMemberS__¡aSx__AttributeValueMemberS__ÿrComparisonOperatorv__ComparisonOperator__fExistsõeValue¡aSx__AttributeValueMemberS__ÿÿxExpressionAttributeNames¿dkey0i__Value__ÿxExpressionAttributeValues¿dkey0¡aSx__AttributeValueMemberS__ÿdItem¿dkey0¡aSx__AttributeValueMemberS__ÿvReturnConsumedCapacityx__ReturnConsumedCapacity__xReturnItemCollectionMetricsx__ReturnItemCollectionMetrics__lReturnValuesp__ReturnValues__x#ReturnValuesOnConditionCheckFailurex'__ReturnValuesOnConditionCheckFailure__iTableNamem__TableName__ÿ