POST /

Content-Type: application/x-amz-json-1.1
X-Amz-Target: KinesisAnalytics_20180523.UpdateApplicationMaintenanceConfiguration

{"ApplicationMaintenanceConfigurationUpdate":{"ApplicationMaintenanceWindowStartTimeUpdate":"__ApplicationMaintenanceWindowStartTimeUpdate__"},"ApplicationName":"__ApplicationName__"}