PUT /domains/__DomainName__/object-types/__ObjectTypeName__

Content-Type: application/json

{"AllowProfileCreation":true,"Description":"__Description__","EncryptionKey":"__EncryptionKey__","ExpirationDays":1,"Fields":{"key0":{"ContentType":"STRING","Source":"__Source__","Target":"__Target__"},"key1":{"ContentType":"STRING","Source":"__Source__","Target":"__Target__"}},"Keys":{"key0":[{"FieldNames":["__Member__","__Member__"],"StandardIdentifiers":["PROFILE","PROFILE"]},{"FieldNames":["__Member__","__Member__"],"StandardIdentifiers":["PROFILE","PROFILE"]}],"key1":[{"FieldNames":["__Member__","__Member__"],"StandardIdentifiers":["PROFILE","PROFILE"]},{"FieldNames":["__Member__","__Member__"],"StandardIdentifiers":["PROFILE","PROFILE"]}]},"MaxProfileObjectCount":1,"SourceLastUpdatedTimestampFormat":"__SourceLastUpdatedTimestampFormat__","SourcePriority":1,"Tags":{"key0":"__Value__","key1":"__Value__"},"TemplateId":"__TemplateId__"}