POST /data-tables/__InstanceId__/__DataTableId__/values/update

Content-Type: application/json

{"Values":[{"AttributeName":"__AttributeName__","LastModifiedRegion":"__LastModifiedRegion__","LastModifiedTime":946684800,"LockVersion":{"Attribute":"__Attribute__","DataTable":"__DataTable__","PrimaryValues":"__PrimaryValues__","Value":"__Value__"},"PrimaryValues":[{"AttributeName":"__AttributeName__","Value":"__Value__"},{"AttributeName":"__AttributeName__","Value":"__Value__"}],"Value":"__Value__"},{"AttributeName":"__AttributeName__","LastModifiedRegion":"__LastModifiedRegion__","LastModifiedTime":946684800,"LockVersion":{"Attribute":"__Attribute__","DataTable":"__DataTable__","PrimaryValues":"__PrimaryValues__","Value":"__Value__"},"PrimaryValues":[{"AttributeName":"__AttributeName__","Value":"__Value__"},{"AttributeName":"__AttributeName__","Value":"__Value__"}],"Value":"__Value__"}]}