200
Content-Type: application/x-amz-json-1.0
X-Amz-Target: AmazonElasticVMwareService.DeleteEnvironmentHost

{"environmentSummary":{"createdAt":946684800,"environmentArn":"__EnvironmentArn__","environmentId":"__EnvironmentId__","environmentName":"__EnvironmentName__","environmentState":"CREATING","environmentStatus":"PASSED","modifiedAt":946684800,"vcfVersion":"VCF-5.2.1"},"host":{"createdAt":946684800,"dedicatedHostId":"__DedicatedHostId__","ec2InstanceId":"__Ec2InstanceId__","hostName":"__HostName__","hostState":"CREATING","instanceType":"i4i.metal","ipAddress":"__IpAddress__","keyName":"__KeyName__","modifiedAt":946684800,"networkInterfaces":[{"networkInterfaceId":"__NetworkInterfaceId__"},{"networkInterfaceId":"__NetworkInterfaceId__"}],"placementGroupId":"__PlacementGroupId__","stateDetails":"__StateDetails__"}}