POST /

Content-Type: application/x-amz-json-1.1
X-Amz-Target: SageMaker.CreateJob

{"JobCategory":"AgentRFT","JobConfigDocument":"__JobConfigDocument__","JobConfigSchemaVersion":"__JobConfigSchemaVersion__","JobName":"__JobName__","RoleArn":"__RoleArn__","Tags":[{"Key":"__Key__","Value":"__Value__"},{"Key":"__Key__","Value":"__Value__"}]}