POST /

Content-Type: application/x-amz-json-1.1
X-Amz-Target: secretsmanager.GetRandomPassword

{"ExcludeCharacters":"__ExcludeCharacters__","ExcludeLowercase":true,"ExcludeNumbers":true,"ExcludePunctuation":true,"ExcludeUppercase":true,"IncludeSpace":true,"PasswordLength":1,"RequireEachIncludedType":true}