POST /

Content-Type: application/x-www-form-urlencoded

Action=CreateRoute&CarrierGatewayId=__CarrierGatewayId__&CoreNetworkArn=__CoreNetworkArn__&DestinationCidrBlock=__DestinationCidrBlock__&DestinationIpv6CidrBlock=__DestinationIpv6CidrBlock__&DestinationPrefixListId=__DestinationPrefixListId__&DryRun=true&EgressOnlyInternetGatewayId=__EgressOnlyInternetGatewayId__&GatewayId=__GatewayId__&InstanceId=__InstanceId__&LocalGatewayId=__LocalGatewayId__&NatGatewayId=__NatGatewayId__&NetworkInterfaceId=__NetworkInterfaceId__&OdbNetworkArn=__OdbNetworkArn__&RouteTableId=__RouteTableId__&TransitGatewayId=__TransitGatewayId__&Version=2016-11-15&VpcEndpointId=__VpcEndpointId__&VpcPeeringConnectionId=__VpcPeeringConnectionId__