POST /

Content-Type: application/x-www-form-urlencoded

Action=GetIpamPrefixListResolverVersions&DryRun=true&Filter.1.Name=__Name__&Filter.1.Value.1=__Member__&Filter.1.Value.2=__Member__&Filter.2.Name=__Name__&Filter.2.Value.1=__Member__&Filter.2.Value.2=__Member__&IpamPrefixListResolverId=__IpamPrefixListResolverId__&IpamPrefixListResolverVersion.1=1&IpamPrefixListResolverVersion.2=1&MaxResults=1&NextToken=__NextToken__&Version=2016-11-15