POST /

Content-Type: application/x-www-form-urlencoded

Action=CreateCacheParameterGroup&CacheParameterGroupFamily=__CacheParameterGroupFamily__&CacheParameterGroupName=__CacheParameterGroupName__&Description=__Description__&Tags.Tag.1.Key=__Key__&Tags.Tag.1.Value=__Value__&Tags.Tag.2.Key=__Key__&Tags.Tag.2.Value=__Value__&Version=2015-02-02