PUT /domainConfigurations/__DomainConfigurationName__

Content-Type: application/json

{"applicationProtocol":"SECURE_MQTT","authenticationType":"CUSTOM_AUTH_X509","authorizerConfig":{"allowAuthorizerOverride":true,"defaultAuthorizerName":"__DefaultAuthorizerName__"},"clientCertificateConfig":{"clientCertificateCallbackArn":"__ClientCertificateCallbackArn__"},"domainConfigurationStatus":"ENABLED","removeAuthorizerConfig":true,"serverCertificateConfig":{"enableOCSPCheck":true,"ocspAuthorizedResponderArn":"__OcspAuthorizedResponderArn__","ocspLambdaArn":"__OcspLambdaArn__"},"tlsConfig":{"securityPolicy":"__SecurityPolicy__"}}