POST /

Content-Type: application/x-amz-json-1.0
X-Amz-Target: AWSParallelComputingService.UpdateQueue

{"clientToken":"__ClientToken__","clusterIdentifier":"__ClusterIdentifier__","computeNodeGroupConfigurations":[{"computeNodeGroupId":"__ComputeNodeGroupId__"},{"computeNodeGroupId":"__ComputeNodeGroupId__"}],"queueIdentifier":"__QueueIdentifier__","slurmConfiguration":{"slurmCustomSettings":[{"parameterName":"__ParameterName__","parameterValue":"__ParameterValue__"},{"parameterName":"__ParameterName__","parameterValue":"__ParameterValue__"}]}}