200
Content-Type: application/json

{"backendEnvironments":[{"backendEnvironmentArn":"__BackendEnvironmentArn__","createTime":946684800,"deploymentArtifacts":"__DeploymentArtifacts__","environmentName":"__EnvironmentName__","stackName":"__StackName__","updateTime":946684800},{"backendEnvironmentArn":"__BackendEnvironmentArn__","createTime":946684800,"deploymentArtifacts":"__DeploymentArtifacts__","environmentName":"__EnvironmentName__","stackName":"__StackName__","updateTime":946684800}],"nextToken":"__NextToken__"}