POST /prod/multiplexes

Content-Type: application/json

{"availabilityZones":["__Member__","__Member__"],"multiplexSettings":{"maximumVideoBufferDelayMilliseconds":1,"transportStreamBitrate":1,"transportStreamId":1,"transportStreamReservedBitrate":1},"name":"__Name__","requestId":"__RequestId__","tags":{"key0":"__Value__","key1":"__Value__"}}