200
Content-Type: application/x-www-form-urlencoded

Action=XmlLists&BooleanList.1=true&BooleanList.2=true&CustomName.1=__Member__&CustomName.2=__Member__&EnumList.1=Foo&EnumList.2=Foo&FlattenedList.1=__Member__&FlattenedList.2=__Member__&FlattenedListWithMemberNamespace.1=__Member__&FlattenedListWithMemberNamespace.2=__Member__&FlattenedListWithNamespace.1=__Member__&FlattenedListWithNamespace.2=__Member__&IntEnumList.1=1&IntEnumList.2=1&IntegerList.1=1&IntegerList.2=1&MyStructureList.1.Other=__B__&MyStructureList.1.Value=__A__&MyStructureList.2.Other=__B__&MyStructureList.2.Value=__A__&NestedStringList.1.Member.1=__Member__&NestedStringList.1.Member.2=__Member__&NestedStringList.2.Member.1=__Member__&NestedStringList.2.Member.2=__Member__&Renamed.1=__Member__&Renamed.2=__Member__&StringList.1=__Member__&StringList.2=__Member__&StringSet.1=__Member__&StringSet.2=__Member__&TimestampList.1=2000-01-01T00%3A00%3A00Z&TimestampList.2=2000-01-01T00%3A00%3A00Z&Version=2020-01-08