POST /v2/domains/__DomainIdentifier__/connections

Content-Type: application/json

{"awsLocation":{"accessRole":"__AccessRole__","awsAccountId":"__AwsAccountId__","awsRegion":"__AwsRegion__","iamConnectionId":"__IamConnectionId__"},"clientToken":"__ClientToken__","configurations":[{"classification":"__Classification__","properties":{"key0":"__Value__","key1":"__Value__"}},{"classification":"__Classification__","properties":{"key0":"__Value__","key1":"__Value__"}}],"description":"__Description__","enableTrustedIdentityPropagation":true,"environmentIdentifier":"__EnvironmentIdentifier__","name":"__Name__","props":{"athenaProperties":{"workgroupName":"__WorkgroupName__"}},"scope":"DOMAIN"}