200
Accept: application/cbor
Content-Type: application/cbor
Smithy-Protocol: rpc-v2-cbor

¿xenhancedInfrastructureMetricsfActivexexternalMetricsPreference¿fsourcegDatadogÿnlookBackPeriodgDAYS_14rpreferredResourcesŸ¿teffectiveIncludeListŸj__Member__j__Member__ÿkexcludeListŸj__Member__j__Member__ÿkincludeListŸj__Member__j__Member__ÿdnamepEc2InstanceTypesÿ¿teffectiveIncludeListŸj__Member__j__Member__ÿkexcludeListŸj__Member__j__Member__ÿkincludeListŸj__Member__j__Member__ÿdnamepEc2InstanceTypesÿÿvutilizationPreferencesŸ¿jmetricNamenCpuUtilizationpmetricParameters¿hheadroomjPERCENT_30ithresholdcP90ÿÿ¿jmetricNamenCpuUtilizationpmetricParameters¿hheadroomjPERCENT_30ithresholdcP90ÿÿÿÿ