POST /

Content-Type: application/x-www-form-urlencoded

Action=CreateTopic&Attributes.entry.1.key=key0&Attributes.entry.1.value=__Value__&DataProtectionPolicy=__DataProtectionPolicy__&Name=__Name__&Tags.member.1.Key=__Key__&Tags.member.1.Value=__Value__&Tags.member.2.Key=__Key__&Tags.member.2.Value=__Value__&Version=2010-03-31