POST /

Content-Type: application/x-amz-json-1.1
X-Amz-Target: AWSGlue.GetUnfilteredPartitionMetadata

{"AuditContext":{"AdditionalAuditContext":"__AdditionalAuditContext__","AllColumnsRequested":true,"RequestedColumns":["__Member__","__Member__"]},"CatalogId":"__CatalogId__","DatabaseName":"__DatabaseName__","PartitionValues":["__Member__","__Member__"],"QuerySessionContext":{"AdditionalContext":{"key0":"__Value__","key1":"__Value__"},"ClusterId":"__ClusterId__","QueryAuthorizationId":"__QueryAuthorizationId__","QueryId":"__QueryId__","QueryStartTime":946684800},"Region":"__Region__","SupportedPermissionTypes":["COLUMN_PERMISSION","COLUMN_PERMISSION"],"TableName":"__TableName__"}