200
Content-Type: application/x-amz-json-1.1
X-Amz-Target: OvertureService.DeleteDirectConnectGatewayAssociationProposal

{"directConnectGatewayAssociationProposal":{"associatedGateway":{"id":"__Id__","ownerAccount":"__OwnerAccount__","region":"__Region__","type":"virtualPrivateGateway"},"directConnectGatewayId":"__DirectConnectGatewayId__","directConnectGatewayOwnerAccount":"__DirectConnectGatewayOwnerAccount__","existingAllowedPrefixesToDirectConnectGateway":[{"cidr":"__Cidr__"},{"cidr":"__Cidr__"}],"proposalId":"__ProposalId__","proposalState":"requested","requestedAllowedPrefixesToDirectConnectGateway":[{"cidr":"__Cidr__"},{"cidr":"__Cidr__"}]}}