200
Content-Type: application/x-amz-json-1.1
X-Amz-Target: AWSHawksNestServiceFacade.GetEventPrediction

{"externalModelOutputs":[{"externalModel":{"modelEndpoint":"__ModelEndpoint__","modelSource":"SAGEMAKER"},"outputs":{"key0":"__Value__"}},{"externalModel":{"modelEndpoint":"__ModelEndpoint__","modelSource":"SAGEMAKER"},"outputs":{"key0":"__Value__"}}],"modelScores":[{"modelVersion":{"arn":"__Arn__","modelId":"__ModelId__","modelType":"ONLINE_FRAUD_INSIGHTS","modelVersionNumber":"__ModelVersionNumber__"},"scores":{"key0":1}},{"modelVersion":{"arn":"__Arn__","modelId":"__ModelId__","modelType":"ONLINE_FRAUD_INSIGHTS","modelVersionNumber":"__ModelVersionNumber__"},"scores":{"key0":1}}],"ruleResults":[{"outcomes":["__Member__","__Member__"],"ruleId":"__RuleId__"},{"outcomes":["__Member__","__Member__"],"ruleId":"__RuleId__"}]}