200
Content-Type: application/x-amz-json-1.1
X-Amz-Target: AWSHawksNestServiceFacade.ListEventPredictions

{"eventPredictionSummaries":[{"detectorId":"__DetectorId__","detectorVersionId":"__DetectorVersionId__","eventId":"__EventId__","eventTimestamp":"__EventTimestamp__","eventTypeName":"__EventTypeName__","predictionTimestamp":"__PredictionTimestamp__"},{"detectorId":"__DetectorId__","detectorVersionId":"__DetectorVersionId__","eventId":"__EventId__","eventTimestamp":"__EventTimestamp__","eventTypeName":"__EventTypeName__","predictionTimestamp":"__PredictionTimestamp__"}],"nextToken":"__NextToken__"}