POST /v1/agentspaces/__AgentSpaceId__/associations

Content-Type: application/json

{"capabilities":{"key0":{"enabled":true}},"configuration":{"sourceAws":{"accountId":"__AccountId__","accountType":"source","assumableRoleArn":"__AssumableRoleArn__","externalId":"__ExternalId__"}},"serviceId":"__ServiceId__"}