POST /findings/statistics

Content-Type: application/json

{"findingCriteria":{"criterion":{"key0":{"eq":["__Member__","__Member__"],"eqExactMatch":["__Member__","__Member__"],"gt":1,"gte":1,"lt":1,"lte":1,"neq":["__Member__","__Member__"]}}},"groupBy":"resourcesAffected.s3Bucket.name","size":1,"sortCriteria":{"attributeName":"groupKey","orderBy":"ASC"}}