200
Content-Type: application/json

{"items":[{"event":"JOB_START","eventData":{"attemptCount":1,"conversionServerID":"__ConversionServerID__","maxAttemptsCount":1,"rawError":"__RawError__","sourceServerID":"__SourceServerID__","targetInstanceID":"__TargetInstanceID__"},"logDateTime":"__LogDateTime__"},{"event":"JOB_START","eventData":{"attemptCount":1,"conversionServerID":"__ConversionServerID__","maxAttemptsCount":1,"rawError":"__RawError__","sourceServerID":"__SourceServerID__","targetInstanceID":"__TargetInstanceID__"},"logDateTime":"__LogDateTime__"}],"nextToken":"__NextToken__"}