200
Content-Type: application/json

{"cells":[{"cellArn":"__CellArn__","cellName":"__CellName__","cells":["__Member__","__Member__"],"parentReadinessScopes":["__Member__","__Member__"],"tags":{"key0":"__Value__"}},{"cellArn":"__CellArn__","cellName":"__CellName__","cells":["__Member__","__Member__"],"parentReadinessScopes":["__Member__","__Member__"],"tags":{"key0":"__Value__"}}],"nextToken":"__NextToken__"}