200
Content-Type: application/x-amz-json-1.0
X-Amz-Target: PinpointSMSVoiceV2.DescribeSenderIds

{"NextToken":"__NextToken__","SenderIds":[{"DeletionProtectionEnabled":true,"IsoCountryCode":"__IsoCountryCode__","MessageTypes":["TRANSACTIONAL","TRANSACTIONAL"],"MessagingLimits":{"DailyMessageCaps":{"key0":1},"RateLimits":{"key0":1}},"MonthlyLeasingPrice":"__MonthlyLeasingPrice__","Registered":true,"RegistrationId":"__RegistrationId__","SenderId":"__SenderId__","SenderIdArn":"__SenderIdArn__"},{"DeletionProtectionEnabled":true,"IsoCountryCode":"__IsoCountryCode__","MessageTypes":["TRANSACTIONAL","TRANSACTIONAL"],"MessagingLimits":{"DailyMessageCaps":{"key0":1},"RateLimits":{"key0":1}},"MonthlyLeasingPrice":"__MonthlyLeasingPrice__","Registered":true,"RegistrationId":"__RegistrationId__","SenderId":"__SenderId__","SenderIdArn":"__SenderIdArn__"}]}