200
Content-Type: application/json

{"agentAliasSummaries":[{"agentAliasId":"__AgentAliasId__","agentAliasName":"__AgentAliasName__","agentAliasStatus":"CREATING","aliasInvocationState":"ACCEPT_INVOCATIONS","createdAt":"2000-01-01T00:00:00Z","description":"__Description__","routingConfiguration":[{"agentVersion":"__AgentVersion__","provisionedThroughput":"__ProvisionedThroughput__"},{"agentVersion":"__AgentVersion__","provisionedThroughput":"__ProvisionedThroughput__"}],"updatedAt":"2000-01-01T00:00:00Z"},{"agentAliasId":"__AgentAliasId__","agentAliasName":"__AgentAliasName__","agentAliasStatus":"CREATING","aliasInvocationState":"ACCEPT_INVOCATIONS","createdAt":"2000-01-01T00:00:00Z","description":"__Description__","routingConfiguration":[{"agentVersion":"__AgentVersion__","provisionedThroughput":"__ProvisionedThroughput__"},{"agentVersion":"__AgentVersion__","provisionedThroughput":"__ProvisionedThroughput__"}],"updatedAt":"2000-01-01T00:00:00Z"}],"nextToken":"__NextToken__"}