POST /

Content-Type: application/x-amz-json-1.1
X-Amz-Target: AnyScaleFrontendService.RegisterScalableTarget

{"MaxCapacity":1,"MinCapacity":1,"ResourceId":"__ResourceId__","RoleARN":"__RoleARN__","ScalableDimension":"ecs:service:DesiredCount","ServiceNamespace":"ecs","SuspendedState":{"DynamicScalingInSuspended":true,"DynamicScalingOutSuspended":true,"ScheduledScalingSuspended":true},"Tags":{"key0":"__Value__","key1":"__Value__"}}