200
Content-Type: application/json

{"ApproximateTotalCount":1,"NextToken":"__NextToken__","Views":[{"Arn":"__Arn__","Content":{"Actions":["__Member__","__Member__"],"InputSchema":"__InputSchema__","Template":"__Template__"},"CreatedTime":946684800,"Description":"__Description__","Id":"__Id__","LastModifiedTime":946684800,"Name":"__Name__","Status":"PUBLISHED","Tags":{"key0":"__Value__"},"Type":"CUSTOMER_MANAGED","Version":1,"VersionDescription":"__VersionDescription__","ViewContentSha256":"__ViewContentSha256__"},{"Arn":"__Arn__","Content":{"Actions":["__Member__","__Member__"],"InputSchema":"__InputSchema__","Template":"__Template__"},"CreatedTime":946684800,"Description":"__Description__","Id":"__Id__","LastModifiedTime":946684800,"Name":"__Name__","Status":"PUBLISHED","Tags":{"key0":"__Value__"},"Type":"CUSTOMER_MANAGED","Version":1,"VersionDescription":"__VersionDescription__","ViewContentSha256":"__ViewContentSha256__"}]}