PUT /sip-rules/__SipRuleId__

Content-Type: application/json

{"Disabled":true,"Name":"__Name__","TargetApplications":[{"AwsRegion":"__AwsRegion__","Priority":1,"SipMediaApplicationId":"__SipMediaApplicationId__"},{"AwsRegion":"__AwsRegion__","Priority":1,"SipMediaApplicationId":"__SipMediaApplicationId__"}]}