200
Content-Type: application/json

{"AnalysisSummaryList":[{"AnalysisId":"__AnalysisId__","Arn":"__Arn__","CreatedTime":946684800,"LastUpdatedTime":946684800,"Name":"__Name__","Status":"CREATION_IN_PROGRESS"},{"AnalysisId":"__AnalysisId__","Arn":"__Arn__","CreatedTime":946684800,"LastUpdatedTime":946684800,"Name":"__Name__","Status":"CREATION_IN_PROGRESS"}],"NextToken":"__NextToken__","RequestId":"__RequestId__","Status":200}