200
Content-Type: application/json

{"completedAt":946684800,"createdAt":946684800,"createdBy":"__CreatedBy__","domainId":"__DomainId__","error":{"message":"__Message__"},"fileFormat":"PDF","id":"__Id__","notebookId":"__NotebookId__","outputLocation":{"s3":{"uri":"__Uri__"}},"owningProjectId":"__OwningProjectId__","status":"IN_PROGRESS"}