200
Content-Type: application/json

{"items":[{"domainId":"__DomainId__","groupName":"__GroupName__","id":"__Id__","rolePrincipalArn":"__RolePrincipalArn__","rolePrincipalId":"__RolePrincipalId__","status":"ASSIGNED"},{"domainId":"__DomainId__","groupName":"__GroupName__","id":"__Id__","rolePrincipalArn":"__RolePrincipalArn__","rolePrincipalId":"__RolePrincipalId__","status":"ASSIGNED"}],"nextToken":"__NextToken__"}