POST /GetTemporaryGlueTableCredentials

Content-Type: application/json

{"AuditContext":{"AdditionalAuditContext":"__AdditionalAuditContext__"},"DurationSeconds":1,"Permissions":["ALL","ALL"],"QuerySessionContext":{"AdditionalContext":{"key0":"__Value__"},"ClusterId":"__ClusterId__","QueryAuthorizationId":"__QueryAuthorizationId__","QueryId":"__QueryId__","QueryStartTime":946684800},"S3Path":"__S3Path__","SupportedPermissionTypes":["COLUMN_PERMISSION","COLUMN_PERMISSION"],"TableArn":"__TableArn__"}