POST /

Content-Type: application/x-amz-json-1.1
X-Amz-Target: RedshiftServerless.CreateWorkgroup

{"baseCapacity":1,"configParameters":[{"parameterKey":"__ParameterKey__","parameterValue":"__ParameterValue__"},{"parameterKey":"__ParameterKey__","parameterValue":"__ParameterValue__"}],"enhancedVpcRouting":true,"extraComputeForAutomaticOptimization":true,"ipAddressType":"__IpAddressType__","maxCapacity":1,"namespaceName":"__NamespaceName__","port":1,"pricePerformanceTarget":{"level":1,"status":"ENABLED"},"publiclyAccessible":true,"securityGroupIds":["__Member__","__Member__"],"subnetIds":["__Member__","__Member__"],"tags":[{"key":"__Key__","value":"__Value__"},{"key":"__Key__","value":"__Value__"}],"trackName":"__TrackName__","workgroupName":"__WorkgroupName__"}