200
Content-Type: application/json

{"abortStatement":{"messages":[{"content":"__Content__","contentType":"PlainText","groupNumber":1},{"content":"__Content__","contentType":"PlainText","groupNumber":1}],"responseCard":"__ResponseCard__"},"checksum":"__Checksum__","childDirected":true,"clarificationPrompt":{"maxAttempts":1,"messages":[{"content":"__Content__","contentType":"PlainText","groupNumber":1},{"content":"__Content__","contentType":"PlainText","groupNumber":1}],"responseCard":"__ResponseCard__"},"createdDate":946684800,"description":"__Description__","detectSentiment":true,"enableModelImprovements":true,"failureReason":"__FailureReason__","idleSessionTTLInSeconds":1,"intents":[{"intentName":"__IntentName__","intentVersion":"__IntentVersion__"},{"intentName":"__IntentName__","intentVersion":"__IntentVersion__"}],"lastUpdatedDate":946684800,"locale":"de-DE","name":"__Name__","nluIntentConfidenceThreshold":1,"status":"BUILDING","version":"__Version__","voiceId":"__VoiceId__"}