POST /

Content-Type: application/x-amz-json-1.1
X-Amz-Target: TrentService.UpdateCustomKeyStore

{"CloudHsmClusterId":"__CloudHsmClusterId__","CustomKeyStoreId":"__CustomKeyStoreId__","KeyStorePassword":"__KeyStorePassword__","NewCustomKeyStoreName":"__NewCustomKeyStoreName__","XksProxyAuthenticationCredential":{"AccessKeyId":"__AccessKeyId__","RawSecretAccessKey":"__RawSecretAccessKey__"},"XksProxyConnectivity":"PUBLIC_ENDPOINT","XksProxyUriEndpoint":"__XksProxyUriEndpoint__","XksProxyUriPath":"__XksProxyUriPath__","XksProxyVpcEndpointServiceName":"__XksProxyVpcEndpointServiceName__","XksProxyVpcEndpointServiceOwner":"__XksProxyVpcEndpointServiceOwner__"}