POST /ListAssessments

Content-Type: application/json

{"AssessmentTargetFilter":{"ChangeSetId":"__ChangeSetId__","EntityId":"__EntityId__"},"Catalog":"__Catalog__","FrameworkFilters":{"AMISecurityFilters":{"DeliveryOptionId":"__DeliveryOptionId__"}},"FrameworkId":"__FrameworkId__","MaxResults":1,"NextToken":"__NextToken__"}