200
Content-Type: application/x-amz-json-1.1
X-Amz-Target: AWSSupport_20130415.DescribeCommunications

{"communications":[{"attachmentSet":[{"attachmentId":"__AttachmentId__","fileName":"__FileName__"},{"attachmentId":"__AttachmentId__","fileName":"__FileName__"}],"body":"__Body__","caseId":"__CaseId__","submittedBy":"__SubmittedBy__","timeCreated":"__TimeCreated__"},{"attachmentSet":[{"attachmentId":"__AttachmentId__","fileName":"__FileName__"},{"attachmentId":"__AttachmentId__","fileName":"__FileName__"}],"body":"__Body__","caseId":"__CaseId__","submittedBy":"__SubmittedBy__","timeCreated":"__TimeCreated__"}],"nextToken":"__NextToken__"}