POST /

Content-Type: application/x-amz-json-1.1
X-Amz-Target: AWSHawksNestServiceFacade.PutExternalModel

{"inputConfiguration":{"csvInputTemplate":"__CsvInputTemplate__","eventTypeName":"__EventTypeName__","format":"TEXT_CSV","jsonInputTemplate":"__JsonInputTemplate__","useEventVariables":true},"invokeModelEndpointRoleArn":"__InvokeModelEndpointRoleArn__","modelEndpoint":"__ModelEndpoint__","modelEndpointStatus":"ASSOCIATED","modelSource":"SAGEMAKER","outputConfiguration":{"csvIndexToVariableMap":{"key0":"__Value__"},"format":"TEXT_CSV","jsonKeyToVariableMap":{"key0":"__Value__"}},"tags":[{"key":"__Key__","value":"__Value__"},{"key":"__Key__","value":"__Value__"}]}