200
Content-Type: application/json

{"memberships":[{"farm":{"farmId":"__FarmId__","identityStoreId":"__IdentityStoreId__","membershipLevel":"VIEWER","principalId":"__PrincipalId__","principalType":"USER"}},{"farm":{"farmId":"__FarmId__","identityStoreId":"__IdentityStoreId__","membershipLevel":"VIEWER","principalId":"__PrincipalId__","principalType":"USER"}}],"nextToken":"__NextToken__"}