200
Content-Type: application/x-amz-json-1.1
X-Amz-Target: Comprehend_20171127.ListDocumentClassifierSummaries

{"DocumentClassifierSummariesList":[{"DocumentClassifierName":"__DocumentClassifierName__","LatestVersionCreatedAt":946684800,"LatestVersionName":"__LatestVersionName__","LatestVersionStatus":"SUBMITTED","NumberOfVersions":1},{"DocumentClassifierName":"__DocumentClassifierName__","LatestVersionCreatedAt":946684800,"LatestVersionName":"__LatestVersionName__","LatestVersionStatus":"SUBMITTED","NumberOfVersions":1}],"NextToken":"__NextToken__"}