POST /

Content-Type: application/x-amz-json-1.1
X-Amz-Target: AWSWAF_20190729.CreateRegexPatternSet

{"Description":"__Description__","Name":"__Name__","RegularExpressionList":[{"RegexString":"__RegexString__"},{"RegexString":"__RegexString__"}],"Scope":"CLOUDFRONT","Tags":[{"Key":"__Key__","Value":"__Value__"},{"Key":"__Key__","Value":"__Value__"}]}