POST /

Content-Type: application/x-www-form-urlencoded

Action=RestoreDBClusterToPointInTime&DBClusterIdentifier=__DBClusterIdentifier__&DBSubnetGroupName=__DBSubnetGroupName__&DeletionProtection=true&EnableCloudwatchLogsExports.member.1=__Member__&EnableCloudwatchLogsExports.member.2=__Member__&KmsKeyId=__KmsKeyId__&NetworkType=__NetworkType__&Port=1&RestoreToTime=2000-01-01T00%3A00%3A00Z&RestoreType=__RestoreType__&ServerlessV2ScalingConfiguration.MaxCapacity=1&ServerlessV2ScalingConfiguration.MinCapacity=1&SourceDBClusterIdentifier=__SourceDBClusterIdentifier__&StorageType=__StorageType__&Tags.Tag.1.Key=__Key__&Tags.Tag.1.Value=__Value__&Tags.Tag.2.Key=__Key__&Tags.Tag.2.Value=__Value__&UseLatestRestorableTime=true&Version=2014-10-31&VpcSecurityGroupIds.VpcSecurityGroupId.1=__Member__&VpcSecurityGroupIds.VpcSecurityGroupId.2=__Member__