POST /connections/__ClientId__/messages?confirmation=true&contentType=__ContentType__&responseTopic=__ResponseTopic__&timeout=1&topic=__Topic__

Content-Type: application/octet-stream
X-Amz-Mqtt5-Correlation-Data: __CorrelationData__
X-Amz-Mqtt5-Payload-Format-Indicator: UNSPECIFIED_BYTES
X-Amz-Mqtt5-User-Properties: X19Vc2VyUHJvcGVydGllc19f

