200
Content-Type: application/json

{"nextToken":"__NextToken__","packages":[{"format":"npm","namespace":"__Namespace__","originConfiguration":{"restrictions":{"publish":"ALLOW","upstream":"ALLOW"}},"package":"__Package__"},{"format":"npm","namespace":"__Namespace__","originConfiguration":{"restrictions":{"publish":"ALLOW","upstream":"ALLOW"}},"package":"__Package__"}]}