200
Content-Type: application/json

{"CheckSummaries":[{"AccountSummary":{"key0":1},"ChoiceId":"__ChoiceId__","Description":"__Description__","Id":"__Id__","LensArn":"__LensArn__","Name":"__Name__","PillarId":"__PillarId__","Provider":"TRUSTED_ADVISOR","QuestionId":"__QuestionId__","Status":"OKAY","UpdatedAt":946684800},{"AccountSummary":{"key0":1},"ChoiceId":"__ChoiceId__","Description":"__Description__","Id":"__Id__","LensArn":"__LensArn__","Name":"__Name__","PillarId":"__PillarId__","Provider":"TRUSTED_ADVISOR","QuestionId":"__QuestionId__","Status":"OKAY","UpdatedAt":946684800}],"NextToken":"__NextToken__"}