POST /dataflowEndpointGroupV2

Content-Type: application/json

{"contactPostPassDurationSeconds":1,"contactPrePassDurationSeconds":1,"endpoints":[{"uplinkAwsGroundStationAgentEndpoint":{"dataflowDetails":{"agentConnectionDetails":{"agentIpAndPortAddress":{"mtu":1,"socketAddress":{"name":"__Name__","portRange":{"maximum":1,"minimum":1}}},"ingressAddressAndPort":{"mtu":1,"socketAddress":{"name":"__Name__","port":1}}}},"name":"__Name__"}},{"uplinkAwsGroundStationAgentEndpoint":{"dataflowDetails":{"agentConnectionDetails":{"agentIpAndPortAddress":{"mtu":1,"socketAddress":{"name":"__Name__","portRange":{"maximum":1,"minimum":1}}},"ingressAddressAndPort":{"mtu":1,"socketAddress":{"name":"__Name__","port":1}}}},"name":"__Name__"}}],"tags":{"key0":"__Value__"}}