200
Content-Type: application/json

{"deployments":[{"createdAt":946684800,"id":"__Id__","modifiedAt":946684800,"name":"__Name__","patternName":"__PatternName__","status":"COMPLETED","workloadName":"__WorkloadName__"},{"createdAt":946684800,"id":"__Id__","modifiedAt":946684800,"name":"__Name__","patternName":"__PatternName__","status":"COMPLETED","workloadName":"__WorkloadName__"}],"nextToken":"__NextToken__"}