POST /routes/v0/calculators/__CalculatorName__/calculate/route?key=__Key__

Content-Type: application/json

{"ArrivalTime":"2000-01-01T00:00:00Z","CarModeOptions":{"AvoidFerries":true,"AvoidTolls":true},"DepartNow":true,"DeparturePosition":[1,1],"DepartureTime":"2000-01-01T00:00:00Z","DestinationPosition":[1,1],"DistanceUnit":"Kilometers","IncludeLegGeometry":true,"OptimizeFor":"FastestRoute","TravelMode":"Car","TruckModeOptions":{"AvoidFerries":true,"AvoidTolls":true,"Dimensions":{"Height":1,"Length":1,"Unit":"Meters","Width":1},"Weight":{"Total":1,"Unit":"Kilograms"}},"WaypointPositions":[[1,1],[1,1]]}