POST /

Content-Type: application/x-amz-json-1.0
X-Amz-Target: NetworkFirewall_20201112.AttachRuleGroupsToProxyConfiguration

{"ProxyConfigurationArn":"__ProxyConfigurationArn__","ProxyConfigurationName":"__ProxyConfigurationName__","RuleGroups":[{"InsertPosition":1,"ProxyRuleGroupName":"__ProxyRuleGroupName__"},{"InsertPosition":1,"ProxyRuleGroupName":"__ProxyRuleGroupName__"}],"UpdateToken":"__UpdateToken__"}