POST /service/EUCMIFrontendAPIService/operation/CreateVolume

Accept: application/cbor
Content-Type: application/cbor
Smithy-Protocol: rpc-v2-cbor

ªpAvailabilityZonet__AvailabilityZone__kClientTokeno__ClientToken__iEncryptedõhKmsKeyIdl__KmsKeyId__hSizeInGBdIopsjSnapshotIdn__SnapshotId__qTagSpecifications‚¢lResourceTypehinstancedTags‚¢cKeyg__Key__eValuei__Value__¢cKeyg__Key__eValuei__Value__¢lResourceTypehinstancedTags‚¢cKeyg__Key__eValuei__Value__¢cKeyg__Key__eValuei__Value__jThroughputjVolumeTypehstandard