POST /

Content-Type: application/x-www-form-urlencoded

Action=QueryLists&ComplexListArg.1.Hi=__Hi__&ComplexListArg.2.Hi=__Hi__&Hi.1=__Member__&Hi.2=__Member__&ListArg.1=__Member__&ListArg.2=__Member__&ListArgWithXmlNameMember.1=__Member__&ListArgWithXmlNameMember.2=__Member__&NestedWithList.ListArg.1=__Member__&NestedWithList.ListArg.2=__Member__&Version=2020-01-08